// Jest Snapshot v1, https://goo.gl/fbAQLP

exports[`App Component Renders correctly 1`] = `
<DocumentFragment>
  <div
    class="container"
  >
    <div
      class="container"
    >
      <h1>
        Car rental availability
      </h1>
    </div>
  </div>
</DocumentFragment>
`;

exports[`renders 1`] = `
<DocumentFragment>
  <div
    class="container"
  >
    <div
      class="container"
    >
      <h1>
        Car rental availability
      </h1>
    </div>
  </div>
</DocumentFragment>
`;
